src/components/custom-utils/dropdown/resources/management-actions.ts(3,10): error TS2305: Module '"../../TableDataDisplayAreas/resources/status-config"' has no exported member 'UserStatus'.
src/components/custom-utils/inputs/CustomPhoneInput.tsx(4,60): error TS2307: Cannot find module 'react-phone-number-input' or its corresponding type declarations.
src/components/custom-utils/TableDataDisplayAreas/actions/ResellTicket.tsx(3,35): error TS2307: Cannot find module '@/components/modals/my-tickets/TicketResellFormModa' or its corresponding type declarations.
src/components/custom-utils/TableDataDisplayAreas/actions/ResellTicket.tsx(28,55): error TS2339: Property 'TRANSFER_TICKET' does not exist on type '{ readonly SUSPEND_USER: "SUSPEND_USER"; readonly BAN_USER: "BAN_USER"; readonly RESET_SETTINGS: "RESET_SETTINGS"; }'.
src/components/custom-utils/TableDataDisplayAreas/actions/ResellTicket.tsx(38,78): error TS2339: Property 'TRANSFER_TICKET' does not exist on type '{ readonly SUSPEND_USER: "SUSPEND_USER"; readonly BAN_USER: "BAN_USER"; readonly RESET_SETTINGS: "RESET_SETTINGS"; }'.
src/components/custom-utils/TableDataDisplayAreas/actions/TransferTicket.tsx(3,37): error TS2307: Cannot find module '@/components/modals/my-tickets/TransferTicketFormModal' or its corresponding type declarations.
src/components/custom-utils/TableDataDisplayAreas/actions/TransferTicket.tsx(26,55): error TS2339: Property 'TRANSFER_TICKET' does not exist on type '{ readonly SUSPEND_USER: "SUSPEND_USER"; readonly BAN_USER: "BAN_USER"; readonly RESET_SETTINGS: "RESET_SETTINGS"; }'.
src/components/custom-utils/TableDataDisplayAreas/actions/TransferTicket.tsx(36,78): error TS2339: Property 'TRANSFER_TICKET' does not exist on type '{ readonly SUSPEND_USER: "SUSPEND_USER"; readonly BAN_USER: "BAN_USER"; readonly RESET_SETTINGS: "RESET_SETTINGS"; }'.
src/components/custom-utils/TableDataDisplayAreas/actions/ViewTicket.tsx(3,32): error TS2307: Cannot find module '@/components/modals/my-tickets/TicketPreviewModal' or its corresponding type declarations.
src/components/custom-utils/TableDataDisplayAreas/filters/CategoryFilter.tsx(14,35): error TS2307: Cannot find module '../../dropdown/EventFilterDropdownMobileBottomSheet' or its corresponding type declarations.
src/components/custom-utils/TableDataDisplayAreas/filters/ChartPresetFilter.tsx(9,35): error TS2307: Cannot find module '../../dropdown/EventFilterDropdownMobileBottomSheet' or its corresponding type declarations.
src/components/custom-utils/TableDataDisplayAreas/filters/ChartPresetFilter.tsx(11,46): error TS2304: Cannot find name 'ChartPreset'.
src/components/custom-utils/TableDataDisplayAreas/filters/ChartPresetFilter.tsx(18,17): error TS2304: Cannot find name 'ChartPreset'.
src/components/custom-utils/TableDataDisplayAreas/filters/ChartPresetFilter.tsx(19,25): error TS2304: Cannot find name 'ChartPreset'.
src/components/custom-utils/TableDataDisplayAreas/filters/ChartPresetFilter.tsx(32,48): error TS2304: Cannot find name 'ChartPreset'.
src/components/custom-utils/TableDataDisplayAreas/filters/DateFilter.tsx(13,35): error TS2307: Cannot find module '../../dropdown/EventFilterDropdownMobileBottomSheet' or its corresponding type declarations.
src/components/custom-utils/TableDataDisplayAreas/filters/DateRangePresetFilter.tsx(9,35): error TS2307: Cannot find module '../../dropdown/EventFilterDropdownMobileBottomSheet' or its corresponding type declarations.
src/components/custom-utils/TableDataDisplayAreas/filters/DateRangePresetFilter.tsx(11,40): error TS2304: Cannot find name 'DatePreset'.
src/components/custom-utils/TableDataDisplayAreas/filters/DateRangePresetFilter.tsx(18,16): error TS2304: Cannot find name 'DatePreset'.
src/components/custom-utils/TableDataDisplayAreas/filters/DateRangePresetFilter.tsx(19,24): error TS2304: Cannot find name 'DatePreset'.
src/components/custom-utils/TableDataDisplayAreas/filters/DateRangePresetFilter.tsx(32,48): error TS2304: Cannot find name 'DatePreset'.
src/components/custom-utils/TableDataDisplayAreas/filters/EventFilter.tsx(12,35): error TS2307: Cannot find module '@/actions/dashboard' or its corresponding type declarations.
src/components/custom-utils/TableDataDisplayAreas/filters/filter-registry.ts(45,5): error TS2322: Type '"dateRangePreset"' is not assignable to type 'keyof FilterValues'.
src/components/custom-utils/TableDataDisplayAreas/filters/filter-registry.ts(57,5): error TS2820: Type '"sortBy"' is not assignable to type 'keyof FilterValues'. Did you mean '"sort"'?
src/components/custom-utils/TableDataDisplayAreas/filters/filter-registry.ts(65,5): error TS2322: Type '"event"' is not assignable to type 'keyof FilterValues'.
src/components/custom-utils/TableDataDisplayAreas/filters/PriceFilter.tsx(12,35): error TS2307: Cannot find module '../../dropdown/EventFilterDropdownMobileBottomSheet' or its corresponding type declarations.
src/components/custom-utils/TableDataDisplayAreas/filters/TicketTypeFilter.tsx(10,35): error TS2307: Cannot find module '../../dropdown/EventFilterDropdownMobileBottomSheet' or its corresponding type declarations.
src/components/custom-utils/TableDataDisplayAreas/resources/status-config.ts(1,45): error TS2552: Cannot find name 'EventPerformance'. Did you mean 'Performance'?
src/components/custom-utils/TableDataDisplayAreas/tables/AffliateLeaderboardTable.tsx(7,20): error TS2304: Cannot find name 'AffiliateLink'.
src/components/custom-utils/TableDataDisplayAreas/tables/AllEventsTable.tsx(7,33): error TS2307: Cannot find module '../../dropdown/ItemActionDropdown' or its corresponding type declarations.
src/components/custom-utils/TableDataDisplayAreas/tables/AllEventsTable.tsx(11,63): error TS2307: Cannot find module '../../dropdown/resources/events-actions' or its corresponding type declarations.
src/components/custom-utils/TableDataDisplayAreas/tables/AllEventsTable.tsx(15,24): error TS2304: Cannot find name 'OrganizerEvent'.
src/components/custom-utils/TableDataDisplayAreas/tables/AllEventsTable.tsx(60,40): error TS2322: Type '{ className: string; }' is not assignable to type 'IntrinsicAttributes'.
  Property 'className' does not exist on type 'IntrinsicAttributes'.
src/components/custom-utils/TableDataDisplayAreas/tables/AttendeesCheckInTable.tsx(16,20): error TS2304: Cannot find name 'CheckInAttendee'.
src/components/custom-utils/TableDataDisplayAreas/tables/AuditLogTable.tsx(89,14): error TS2741: Property 'isLoadingMore' is missing in type '{ endIndex: number; startIndex: number; totalItems: number; hasNextPage: boolean; hasPreviousPage: boolean; onNextPage: () => void; onPreviousPage: () => void; currentPage: number; totalPages: number; }' but required in type 'PaginationControlsProps'.
src/components/custom-utils/TableDataDisplayAreas/tables/BusinessManagementTable.tsx(109,14): error TS2741: Property 'isLoadingMore' is missing in type '{ endIndex: number; startIndex: number; totalItems: number; hasNextPage: boolean; hasPreviousPage: boolean; onNextPage: () => void; onPreviousPage: () => void; currentPage: number; totalPages: number; }' but required in type 'PaginationControlsProps'.
src/components/custom-utils/TableDataDisplayAreas/tables/CustomersTable.tsx(8,33): error TS2307: Cannot find module 'uuid' or its corresponding type declarations.
src/components/custom-utils/TableDataDisplayAreas/tables/CustomersTable.tsx(11,30): error TS2307: Cannot find module '@/custom-hooks/UseIsMounted' or its corresponding type declarations.
src/components/custom-utils/TableDataDisplayAreas/tables/CustomersTable.tsx(12,32): error TS2307: Cannot find module '../../dropdown/ItemActionDropdown' or its corresponding type declarations.
src/components/custom-utils/TableDataDisplayAreas/tables/CustomersTable.tsx(13,38): error TS2307: Cannot find module '../../dropdown/resources/customer-actions' or its corresponding type declarations.
src/components/custom-utils/TableDataDisplayAreas/tables/CustomersTable.tsx(17,21): error TS2304: Cannot find name 'Customer'.
src/components/custom-utils/TableDataDisplayAreas/tables/CustomersTable.tsx(46,26): error TS2322: Type '{ className: string; }' is not assignable to type 'IntrinsicAttributes'.
  Property 'className' does not exist on type 'IntrinsicAttributes'.
src/components/custom-utils/TableDataDisplayAreas/tables/DraftedEventsTable.tsx(10,10): error TS2305: Module '"@/enums/navigation"' has no exported member 'EDIT_DRAFT_EVENT'.
src/components/custom-utils/TableDataDisplayAreas/tables/DraftedEventsTable.tsx(13,20): error TS2304: Cannot find name 'OrganizerEvent'.
src/components/custom-utils/TableDataDisplayAreas/tables/DraftedEventsTable.tsx(36,40): error TS2322: Type '{ className: string; }' is not assignable to type 'IntrinsicAttributes'.
  Property 'className' does not exist on type 'IntrinsicAttributes'.
src/components/custom-utils/TableDataDisplayAreas/tables/EmailCampaignListTable.tsx(10,20): error TS2304: Cannot find name 'EmailCampaign'.
src/components/custom-utils/TableDataDisplayAreas/tables/EndedEventsTable.tsx(7,33): error TS2307: Cannot find module '../../dropdown/ItemActionDropdown' or its corresponding type declarations.
src/components/custom-utils/TableDataDisplayAreas/tables/EndedEventsTable.tsx(11,63): error TS2307: Cannot find module '../../dropdown/resources/events-actions' or its corresponding type declarations.
src/components/custom-utils/TableDataDisplayAreas/tables/EndedEventsTable.tsx(15,24): error TS2304: Cannot find name 'OrganizerEvent'.
src/components/custom-utils/TableDataDisplayAreas/tables/EndedEventsTable.tsx(55,40): error TS2322: Type '{ className: string; }' is not assignable to type 'IntrinsicAttributes'.
  Property 'className' does not exist on type 'IntrinsicAttributes'.
src/components/custom-utils/TableDataDisplayAreas/tables/events-listing/AllEventsTable.tsx(7,10): error TS2724: '"../../resources/status-config"' has no exported member named 'eventsStatusConfig'. Did you mean 'myEventsStatusConfig'?
src/components/custom-utils/TableDataDisplayAreas/tables/events-listing/AllEventsTable.tsx(45,94): error TS2571: Object is of type 'unknown'.
src/components/custom-utils/TableDataDisplayAreas/tables/events-listing/AllEventsTable.tsx(46,99): error TS2571: Object is of type 'unknown'.
src/components/custom-utils/TableDataDisplayAreas/tables/events-listing/AllEventsTable.tsx(90,14): error TS2741: Property 'isLoadingMore' is missing in type '{ endIndex: number; startIndex: number; totalItems: number; hasNextPage: boolean; hasPreviousPage: boolean; onNextPage: () => void; onPreviousPage: () => void; currentPage: number; totalPages: number; }' but required in type 'PaginationControlsProps'.
src/components/custom-utils/TableDataDisplayAreas/tables/events-listing/AttendeesTable.tsx(5,10): error TS2305: Module '"../../resources/status-config"' has no exported member 'TicketStatus'.
src/components/custom-utils/TableDataDisplayAreas/tables/events-listing/AttendeesTable.tsx(5,24): error TS2305: Module '"../../resources/status-config"' has no exported member 'ticketStatusConfig'.
src/components/custom-utils/TableDataDisplayAreas/tables/events-listing/AttendeesTable.tsx(117,14): error TS2741: Property 'isLoadingMore' is missing in type '{ endIndex: number; startIndex: number; totalItems: number; hasNextPage: boolean; hasPreviousPage: boolean; onNextPage: () => void; onPreviousPage: () => void; currentPage: number; totalPages: number; }' but required in type 'PaginationControlsProps'.
src/components/custom-utils/TableDataDisplayAreas/tables/events-listing/EndedEventsTable.tsx(7,10): error TS2724: '"../../resources/status-config"' has no exported member named 'eventsStatusConfig'. Did you mean 'myEventsStatusConfig'?
src/components/custom-utils/TableDataDisplayAreas/tables/events-listing/EndedEventsTable.tsx(43,94): error TS2571: Object is of type 'unknown'.
src/components/custom-utils/TableDataDisplayAreas/tables/events-listing/EndedEventsTable.tsx(44,99): error TS2571: Object is of type 'unknown'.
src/components/custom-utils/TableDataDisplayAreas/tables/events-listing/EndedEventsTable.tsx(88,14): error TS2741: Property 'isLoadingMore' is missing in type '{ endIndex: number; startIndex: number; totalItems: number; hasNextPage: boolean; hasPreviousPage: boolean; onNextPage: () => void; onPreviousPage: () => void; currentPage: number; totalPages: number; }' but required in type 'PaginationControlsProps'.
src/components/custom-utils/TableDataDisplayAreas/tables/events-listing/LiveEvents.tsx(7,10): error TS2724: '"../../resources/status-config"' has no exported member named 'eventsStatusConfig'. Did you mean 'myEventsStatusConfig'?
src/components/custom-utils/TableDataDisplayAreas/tables/events-listing/LiveEvents.tsx(45,94): error TS2571: Object is of type 'unknown'.
src/components/custom-utils/TableDataDisplayAreas/tables/events-listing/LiveEvents.tsx(46,99): error TS2571: Object is of type 'unknown'.
src/components/custom-utils/TableDataDisplayAreas/tables/events-listing/LiveEvents.tsx(90,14): error TS2741: Property 'isLoadingMore' is missing in type '{ endIndex: number; startIndex: number; totalItems: number; hasNextPage: boolean; hasPreviousPage: boolean; onNextPage: () => void; onPreviousPage: () => void; currentPage: number; totalPages: number; }' but required in type 'PaginationControlsProps'.
src/components/custom-utils/TableDataDisplayAreas/tables/events-listing/SuspendedEventsTable.tsx(7,10): error TS2724: '"../../resources/status-config"' has no exported member named 'eventsStatusConfig'. Did you mean 'myEventsStatusConfig'?
src/components/custom-utils/TableDataDisplayAreas/tables/events-listing/SuspendedEventsTable.tsx(43,94): error TS2571: Object is of type 'unknown'.
src/components/custom-utils/TableDataDisplayAreas/tables/events-listing/SuspendedEventsTable.tsx(44,99): error TS2571: Object is of type 'unknown'.
src/components/custom-utils/TableDataDisplayAreas/tables/events-listing/SuspendedEventsTable.tsx(88,14): error TS2741: Property 'isLoadingMore' is missing in type '{ endIndex: number; startIndex: number; totalItems: number; hasNextPage: boolean; hasPreviousPage: boolean; onNextPage: () => void; onPreviousPage: () => void; currentPage: number; totalPages: number; }' but required in type 'PaginationControlsProps'.
src/components/custom-utils/TableDataDisplayAreas/tables/financials/ListedForSaleTable.tsx(5,10): error TS2305: Module '"../../resources/status-config"' has no exported member 'PaymentStatus'.
src/components/custom-utils/TableDataDisplayAreas/tables/financials/ListedForSaleTable.tsx(5,25): error TS2724: '"../../resources/status-config"' has no exported member named 'paymentStatusConfig'. Did you mean 'payoutStatusConfig'?
src/components/custom-utils/TableDataDisplayAreas/tables/financials/ListedForSaleTable.tsx(119,14): error TS2741: Property 'isLoadingMore' is missing in type '{ endIndex: number; startIndex: number; totalItems: number; hasNextPage: boolean; hasPreviousPage: boolean; onNextPage: () => void; onPreviousPage: () => void; currentPage: number; totalPages: number; }' but required in type 'PaginationControlsProps'.
src/components/custom-utils/TableDataDisplayAreas/tables/financials/PayoutHistoryTable.tsx(5,10): error TS2305: Module '"../../resources/status-config"' has no exported member 'PaymentStatus'.
src/components/custom-utils/TableDataDisplayAreas/tables/financials/PayoutHistoryTable.tsx(5,25): error TS2724: '"../../resources/status-config"' has no exported member named 'paymentStatusConfig'. Did you mean 'payoutStatusConfig'?
src/components/custom-utils/TableDataDisplayAreas/tables/financials/PayoutHistoryTable.tsx(107,14): error TS2741: Property 'isLoadingMore' is missing in type '{ endIndex: number; startIndex: number; totalItems: number; hasNextPage: boolean; hasPreviousPage: boolean; onNextPage: () => void; onPreviousPage: () => void; currentPage: number; totalPages: number; }' but required in type 'PaginationControlsProps'.
src/components/custom-utils/TableDataDisplayAreas/tables/financials/PendingPayoutTable.tsx(137,14): error TS2741: Property 'isLoadingMore' is missing in type '{ endIndex: number; startIndex: number; totalItems: number; hasNextPage: boolean; hasPreviousPage: boolean; onNextPage: () => void; onPreviousPage: () => void; currentPage: number; totalPages: number; }' but required in type 'PaginationControlsProps'.
src/components/custom-utils/TableDataDisplayAreas/tables/financials/ResoldTicketsTable.tsx(6,10): error TS2305: Module '"../../resources/status-config"' has no exported member 'PaymentStatus'.
src/components/custom-utils/TableDataDisplayAreas/tables/financials/ResoldTicketsTable.tsx(6,25): error TS2724: '"../../resources/status-config"' has no exported member named 'paymentStatusConfig'. Did you mean 'payoutStatusConfig'?
src/components/custom-utils/TableDataDisplayAreas/tables/financials/ResoldTicketsTable.tsx(119,14): error TS2741: Property 'isLoadingMore' is missing in type '{ endIndex: number; startIndex: number; totalItems: number; hasNextPage: boolean; hasPreviousPage: boolean; onNextPage: () => void; onPreviousPage: () => void; currentPage: number; totalPages: number; }' but required in type 'PaginationControlsProps'.
src/components/custom-utils/TableDataDisplayAreas/tables/HostAllEventsTable.tsx(10,10): error TS2724: '"../resources/status-config"' has no exported member named 'eventsStatusConfig'. Did you mean 'myEventsStatusConfig'?
src/components/custom-utils/TableDataDisplayAreas/tables/HostAllEventsTable.tsx(80,94): error TS2571: Object is of type 'unknown'.
src/components/custom-utils/TableDataDisplayAreas/tables/HostAllEventsTable.tsx(81,99): error TS2571: Object is of type 'unknown'.
src/components/custom-utils/TableDataDisplayAreas/tables/HostAllEventsTable.tsx(125,14): error TS2741: Property 'isLoadingMore' is missing in type '{ endIndex: number; startIndex: number; totalItems: number; hasNextPage: boolean; hasPreviousPage: boolean; onNextPage: () => void; onPreviousPage: () => void; currentPage: number; totalPages: number; }' but required in type 'PaginationControlsProps'.
src/components/custom-utils/TableDataDisplayAreas/tables/MyLiveEventsTable.tsx(8,33): error TS2307: Cannot find module '../../dropdown/ItemActionDropdown' or its corresponding type declarations.
src/components/custom-utils/TableDataDisplayAreas/tables/MyLiveEventsTable.tsx(12,63): error TS2307: Cannot find module '../../dropdown/resources/events-actions' or its corresponding type declarations.
src/components/custom-utils/TableDataDisplayAreas/tables/MyLiveEventsTable.tsx(17,21): error TS2304: Cannot find name 'OrganizerEvent'.
src/components/custom-utils/TableDataDisplayAreas/tables/MyLiveEventsTable.tsx(65,40): error TS2322: Type '{ className: string; }' is not assignable to type 'IntrinsicAttributes'.
  Property 'className' does not exist on type 'IntrinsicAttributes'.
src/components/custom-utils/TableDataDisplayAreas/tables/OrderListTable.tsx(10,20): error TS2304: Cannot find name 'CustomerOrder'.
src/components/custom-utils/TableDataDisplayAreas/tables/PayoutHistory.tsx(9,31): error TS2307: Cannot find module '@/actions/financials' or its corresponding type declarations.
src/components/custom-utils/TableDataDisplayAreas/tables/PayoutHistory.tsx(15,21): error TS2304: Cannot find name 'WithdrawalHistoryPaginated'.
src/components/custom-utils/TableDataDisplayAreas/tables/PayoutHistory.tsx(16,21): error TS2304: Cannot find name 'DatePreset'.
src/components/custom-utils/TableDataDisplayAreas/tables/PayoutHistory.tsx(17,29): error TS2304: Cannot find name 'FinancialCards'.
src/components/custom-utils/TableDataDisplayAreas/tables/PayoutHistory.tsx(32,52): error TS2304: Cannot find name 'WithdrawalHistoryItem'.
src/components/custom-utils/TableDataDisplayAreas/tables/PendingVerificationTable.tsx(81,14): error TS2741: Property 'isLoadingMore' is missing in type '{ endIndex: number; startIndex: number; totalItems: number; hasNextPage: boolean; hasPreviousPage: boolean; onNextPage: () => void; onPreviousPage: () => void; currentPage: number; totalPages: number; }' but required in type 'PaginationControlsProps'.
src/components/custom-utils/TableDataDisplayAreas/tables/PromoCodeTable.tsx(9,20): error TS2304: Cannot find name 'PromoCode'.
src/components/custom-utils/TableDataDisplayAreas/tables/SalesPaymentTable.tsx(13,20): error TS2304: Cannot find name 'Transaction'.
src/components/custom-utils/TableDataDisplayAreas/tables/UpcomingEventsTable.tsx(14,20): error TS2304: Cannot find name 'UpcomingEvent'.
src/components/custom-utils/TableDataDisplayAreas/tables/UserPurchaseHistoryTable.tsx(148,14): error TS2741: Property 'isLoadingMore' is missing in type '{ endIndex: number; startIndex: number; totalItems: number; hasNextPage: boolean; hasPreviousPage: boolean; onNextPage: () => void; onPreviousPage: () => void; currentPage: number; totalPages: number; }' but required in type 'PaginationControlsProps'.
src/components/custom-utils/TableDataDisplayAreas/tables/UsersTable.tsx(10,10): error TS2305: Module '"../resources/status-config"' has no exported member 'usersTableStatusConfig'.
src/components/custom-utils/TableDataDisplayAreas/tables/UsersTable.tsx(10,34): error TS2305: Module '"../resources/status-config"' has no exported member 'UserStatus'.
src/components/custom-utils/TableDataDisplayAreas/tables/UsersTable.tsx(89,14): error TS2741: Property 'isLoadingMore' is missing in type '{ endIndex: number; startIndex: number; totalItems: number; hasNextPage: boolean; hasPreviousPage: boolean; onNextPage: () => void; onPreviousPage: () => void; currentPage: number; totalPages: number; }' but required in type 'PaginationControlsProps'.
src/components/event-listing/EventProfileOverviewTabContainer.tsx(9,10): error TS2305: Module '"../custom-utils/TableDataDisplayAreas/resources/status-config"' has no exported member 'EventStatusBadgeMap'.
src/components/event-listing/EventProfileOverviewTabContainer.tsx(9,31): error TS2305: Module '"../custom-utils/TableDataDisplayAreas/resources/status-config"' has no exported member 'eventStatusBadgeRegistry'.
src/components/page-content-wrappers/AuditPageCW.tsx(4,10): error TS2305: Module '"../custom-utils/TableDataDisplayAreas/resources/avaliable-filters"' has no exported member 'AuditTabNFilterOptions'.
src/components/page-content-wrappers/AuditPageCW.tsx(35,50): error TS7006: Parameter 'v' implicitly has an 'any' type.
src/components/page-content-wrappers/DashboardPageCW.tsx(9,10): error TS2305: Module '"@/helper-fns/buildMetricsConfig"' has no exported member 'formatStatValue'.
src/components/page-content-wrappers/EventProfilePageCW.tsx(4,10): error TS2305: Module '"../custom-utils/TableDataDisplayAreas/resources/avaliable-filters"' has no exported member 'EventProfileTabNFilterOptions'.
src/components/page-content-wrappers/EventsListingPageCW.tsx(5,10): error TS2305: Module '"../custom-utils/TableDataDisplayAreas/resources/avaliable-filters"' has no exported member 'EventsListingTabNFilterOptions'.
src/components/page-content-wrappers/FinancialsPageCW.tsx(7,10): error TS2305: Module '"@/components/custom-utils/TableDataDisplayAreas/resources/avaliable-filters"' has no exported member 'financialsFilterOptions'.
src/components/page-content-wrappers/FinancialsPageCW.tsx(7,35): error TS2305: Module '"@/components/custom-utils/TableDataDisplayAreas/resources/avaliable-filters"' has no exported member 'financialsFilterOptionsForResaleOrders'.
src/components/page-content-wrappers/FinancialsPageCW.tsx(7,75): error TS2305: Module '"@/components/custom-utils/TableDataDisplayAreas/resources/avaliable-filters"' has no exported member 'FinancialsTabNFilterOptions'.
src/components/page-content-wrappers/FinancialsPageCW.tsx(7,104): error TS2305: Module '"@/components/custom-utils/TableDataDisplayAreas/resources/avaliable-filters"' has no exported member 'HostManagementTabNFilterOptions'.
src/components/page-content-wrappers/HostManagementPageCW.tsx(7,10): error TS2305: Module '"@/components/custom-utils/TableDataDisplayAreas/resources/avaliable-filters"' has no exported member 'HostManagementTabNFilterOptions'.
src/components/page-content-wrappers/HostProfilePageCW.tsx(12,10): error TS2305: Module '"../custom-utils/TableDataDisplayAreas/resources/avaliable-filters"' has no exported member 'HostProfileTabNFilterOptions'.
src/components/page-content-wrappers/UserProfilePageCW.tsx(14,10): error TS2305: Module '"../custom-utils/TableDataDisplayAreas/resources/avaliable-filters"' has no exported member 'UserProfileTabNFilterOptions'.
src/components/user-management/UsersListSection.tsx(7,10): error TS2305: Module '"../custom-utils/TableDataDisplayAreas/resources/avaliable-filters"' has no exported member 'UserManagementTabNFilterOptions'.
src/custom-hooks/UseDataDisplay.ts(5,36): error TS2307: Cannot find module '@/actions/paginated-data' or its corresponding type declarations.
src/custom-hooks/UseDataDisplay.ts(36,24): error TS2304: Cannot find name 'RevalidateTarget'.
src/custom-hooks/UseDataDisplay.ts(68,29): error TS2339: Property 'min' does not exist on type 'number'.
src/custom-hooks/UseDataDisplay.ts(68,63): error TS2339: Property 'min' does not exist on type 'number'.
src/custom-hooks/UseDataDisplay.ts(68,120): error TS2339: Property 'min' does not exist on type 'number'.
src/custom-hooks/UseDataDisplay.ts(69,29): error TS2339: Property 'max' does not exist on type 'number'.
src/custom-hooks/UseDataDisplay.ts(69,120): error TS2339: Property 'max' does not exist on type 'number'.
src/custom-hooks/UseDataDisplay.ts(73,17): error TS2551: Property 'sortBy' does not exist on type 'Partial<FilterValues>'. Did you mean 'sort'?
src/custom-hooks/UseDataDisplay.ts(73,102): error TS2551: Property 'sortBy' does not exist on type 'Partial<FilterValues>'. Did you mean 'sort'?
src/custom-hooks/UseDataDisplay.ts(74,17): error TS2339: Property 'dateRangePreset' does not exist on type 'Partial<FilterValues>'.
src/custom-hooks/UseDataDisplay.ts(74,102): error TS2339: Property 'dateRangePreset' does not exist on type 'Partial<FilterValues>'.
src/custom-hooks/UseDataDisplay.ts(75,17): error TS2339: Property 'event' does not exist on type 'Partial<FilterValues>'.
src/custom-hooks/UseDataDisplay.ts(75,102): error TS2339: Property 'event' does not exist on type 'Partial<FilterValues>'.
src/custom-hooks/UseDataDisplay.ts(84,29): error TS2339: Property 'min' does not exist on type 'number'.
src/custom-hooks/UseDataDisplay.ts(85,29): error TS2339: Property 'max' does not exist on type 'number'.
src/custom-hooks/UseDataDisplay.ts(89,17): error TS2339: Property 'dateRangePreset' does not exist on type 'Partial<FilterValues>'.
src/custom-hooks/UseDataDisplay.ts(90,17): error TS2551: Property 'sortBy' does not exist on type 'Partial<FilterValues>'. Did you mean 'sort'?
src/custom-hooks/UseDataDisplay.ts(92,17): error TS2339: Property 'event' does not exist on type 'Partial<FilterValues>'.
src/custom-hooks/UseDataDisplay.ts(132,36): error TS2339: Property 'min' does not exist on type 'number'.
src/custom-hooks/UseDataDisplay.ts(133,36): error TS2339: Property 'max' does not exist on type 'number'.
src/custom-hooks/UseDataDisplay.ts(135,17): error TS2339: Property 'dateRangePreset' does not exist on type 'Partial<FilterValues>'.
src/custom-hooks/UseDataDisplay.ts(136,17): error TS2551: Property 'sortBy' does not exist on type 'Partial<FilterValues>'. Did you mean 'sort'?
src/custom-hooks/UseDataDisplay.ts(138,17): error TS2339: Property 'event' does not exist on type 'Partial<FilterValues>'.
src/custom-hooks/UseDataDisplay.ts(314,54): error TS2304: Cannot find name 'RevalidateTarget'.
src/custom-hooks/UseRevalidate.ts(6,43): error TS2304: Cannot find name 'RevalidateTarget'.
src/custom-hooks/UseRevalidate.ts(8,39): error TS2304: Cannot find name 'RevalidateTarget'.
src/custom-hooks/UseRevalidate.ts(16,41): error TS2304: Cannot find name 'RevalidateTarget'.
src/helper-fns/buildMetricsConfig.ts(1,30): error TS2307: Cannot find module '@/components/cards/resources/metrics-config' or its corresponding type declarations.
src/helper-fns/dateRangeToParams.ts(4,65): error TS2304: Cannot find name 'FinancialsParams'.
src/helper-fns/dateRangeToParams.ts(5,11): error TS2739: Type '{}' is missing the following properties from type 'Pick<FinancialsParams, "start_date" | "end_date">': start_date, end_date
src/helper-fns/dateRangeToParams.ts(5,24): error TS2304: Cannot find name 'FinancialsParams'.
src/helper-fns/dateRangeToParams.ts(13,48): error TS2304: Cannot find name 'ChartPreset'.
src/helper-fns/deriveCategories.ts(8,29): error TS2307: Cannot find module '@/actions/filters' or its corresponding type declarations.
src/helper-fns/exportData.ts(96,31): error TS2307: Cannot find module 'xlsx' or its corresponding type declarations.
src/helper-fns/exportData.ts(122,16): error TS2307: Cannot find module 'jspdf' or its corresponding type declarations.
src/helper-fns/exportData.ts(123,16): error TS2307: Cannot find module 'jspdf-autotable' or its corresponding type declarations.
src/helper-fns/exportData.ts(229,15): error TS2304: Cannot find name 'Transaction'.
src/helper-fns/exportData.ts(245,19): error TS2304: Cannot find name 'SalesAnalyticsCardsData'.
src/helper-fns/exportData.ts(246,19): error TS2304: Cannot find name 'Transaction'.
src/helper-fns/exportData.ts(247,19): error TS2304: Cannot find name 'GeoBreakdownData'.
src/helper-fns/exportData.ts(248,19): error TS2304: Cannot find name 'SalesBreakdownItem'.
src/helper-fns/exportData.ts(256,31): error TS2307: Cannot find module 'xlsx' or its corresponding type declarations.
src/helper-fns/exportData.ts(310,42): error TS7006: Parameter 'g' implicitly has an 'any' type.
src/helper-fns/exportData.ts(339,39): error TS2307: Cannot find module 'xlsx' or its corresponding type declarations.
src/helper-fns/formatPrice.ts(1,47): error TS2307: Cannot find module '@/components-data/currencies' or its corresponding type declarations.
src/helper-fns/mapEventCreateData.ts(2,39): error TS2307: Cannot find module '@/schemas/create-event.schema' or its corresponding type declarations.
src/helper-fns/mapEventCreateData.ts(3,29): error TS2307: Cannot find module '@/actions/filters' or its corresponding type declarations.
src/helper-fns/mapEventCreateData.ts(4,38): error TS2307: Cannot find module '@/components-data/location' or its corresponding type declarations.
src/helper-fns/mapEventCreateData.ts(7,17): error TS2304: Cannot find name 'EventDetails'.
src/helper-fns/mapEventCreateData.ts(14,41): error TS7006: Parameter 'v' implicitly has an 'any' type.
src/helper-fns/mapEventCreateData.ts(15,55): error TS7006: Parameter 'v' implicitly has an 'any' type.
src/helper-fns/mapEventCreateData.ts(108,62): error TS7006: Parameter 't' implicitly has an 'any' type.
src/helper-fns/mapEventCreateData.ts(131,18): error TS7006: Parameter 'l' implicitly has an 'any' type.
src/helper-fns/mapEventCreateData.ts(132,15): error TS7006: Parameter 'l' implicitly has an 'any' type.
src/helper-fns/mapEventCreateData.ts(153,50): error TS7006: Parameter 'd' implicitly has an 'any' type.
src/helper-fns/mapEventCreateData.ts(167,45): error TS7006: Parameter 'v' implicitly has an 'any' type.
src/helper-fns/mapEventCreateData.ts(168,74): error TS7006: Parameter 'v' implicitly has an 'any' type.
src/helper-fns/mapToStatCards.ts(5,39): error TS2304: Cannot find name 'DashboardCardData'.
src/helper-fns/mapToStatCards.ts(15,13): error TS2741: Property 'isPositive' is missing in type '{ value: string; period: string; }' but required in type '{ value: string; period: string; isPositive: boolean; }'.
src/helper-fns/mapToStatCards.ts(28,13): error TS2741: Property 'isPositive' is missing in type '{ value: string; period: string; }' but required in type '{ value: string; period: string; isPositive: boolean; }'.
src/helper-fns/mapToStatCards.ts(41,13): error TS2741: Property 'isPositive' is missing in type '{ value: any; period: string; }' but required in type '{ value: string; period: string; isPositive: boolean; }'.
src/helper-fns/mapToStatCards.ts(54,13): error TS2741: Property 'isPositive' is missing in type '{ value: any; period: string; }' but required in type '{ value: string; period: string; isPositive: boolean; }'.
src/helper-fns/mapToStatCards.ts(62,50): error TS2304: Cannot find name 'CustomersCards'.
src/helper-fns/mapToStatCards.ts(62,85): error TS2304: Cannot find name 'MetricCardData'.
src/helper-fns/mapToStatCards.ts(102,15): error TS2304: Cannot find name 'FinancialCards'.
src/helper-fns/mapToStatCards.ts(104,4): error TS2304: Cannot find name 'MetricCardData'.
src/helper-fns/mapToStatCards.ts(146,15): error TS2304: Cannot find name 'AffiliateCards'.
src/helper-fns/mapToStatCards.ts(148,4): error TS2304: Cannot find name 'MetricCardData'.
src/helper-fns/mapToStatCards.ts(187,47): error TS2304: Cannot find name 'CheckInCards'.
src/helper-fns/mapToStatCards.ts(187,81): error TS2304: Cannot find name 'MetricCardData'.
src/helper-fns/mapToStatCards.ts(227,39): error TS2304: Cannot find name 'EventCards'.
src/helper-fns/mapToStatCards.ts(227,52): error TS2304: Cannot find name 'MetricCardData'.
src/helper-fns/mapToStatCards.ts(266,15): error TS2304: Cannot find name 'SalesAnalyticsCardsData'.
src/helper-fns/mapToStatCards.ts(268,4): error TS2304: Cannot find name 'MetricCardData'.
src/helper-fns/resolveCountryCode.ts(1,32): error TS2307: Cannot find module 'country-state-city' or its corresponding type declarations.
src/helper-fns/resolveCountryCode.ts(7,9): error TS7006: Parameter 'c' implicitly has an 'any' type.
src/helper-fns/resolveCountryCode.ts(34,36): error TS7006: Parameter 's' implicitly has an 'any' type.
src/helper-fns/uploadEventMedia.ts(1,36): error TS2307: Cannot find module '@/lib/cloudinary' or its corresponding type declarations.
src/lib/redux/slices/popupAlertSlice.ts(2,35): error TS2307: Cannot find module '@/components/modals/resources/popup-message-alert-config' or its corresponding type declarations.
